Copyright 1986-2018 Xilinx, Inc. All Rights Reserved.
------------------------------------------------------------------------------------
| Tool Version : Vivado v.2018.2 (win64) Build 2258646 Thu Jun 14 20:03:12 MDT 2018
| Date         : Thu Aug  1 00:38:11 2024
| Host         : Ghamry running 64-bit major release  (build 9200)
| Command      : report_control_sets -verbose -file DSP_control_sets_placed.rpt
| Design       : DSP
| Device       : xc7a200t
------------------------------------------------------------------------------------

Control Set Information

Table of Contents
-----------------
1. Summary
2. Histogram
3. Flip-Flop Distribution
4. Detailed Control Set Information

1. Summary
----------

+----------------------------------------------------------+-------+
|                          Status                          | Count |
+----------------------------------------------------------+-------+
| Number of unique control sets                            |     8 |
| Unused register locations in slices containing registers |    18 |
+----------------------------------------------------------+-------+


2. Histogram
------------

+--------+--------------+
| Fanout | Control Sets |
+--------+--------------+
|      2 |            1 |
|      4 |            1 |
|    16+ |            6 |
+--------+--------------+


3. Flip-Flop Distribution
-------------------------

+--------------+-----------------------+------------------------+-----------------+--------------+
| Clock Enable | Synchronous Set/Reset | Asynchronous Set/Reset | Total Registers | Total Slices |
+--------------+-----------------------+------------------------+-----------------+--------------+
| No           | No                    | No                     |               2 |            1 |
| No           | No                    | Yes                    |               0 |            0 |
| No           | Yes                   | No                     |               0 |            0 |
| Yes          | No                    | No                     |               0 |            0 |
| Yes          | No                    | Yes                    |               0 |            0 |
| Yes          | Yes                   | No                     |             356 |           62 |
+--------------+-----------------------+------------------------+-----------------+--------------+


4. Detailed Control Set Information
-----------------------------------

+----------------+----------------+------------------+------------------+----------------+
|  Clock Signal  |  Enable Signal | Set/Reset Signal | Slice Load Count | Bel Load Count |
+----------------+----------------+------------------+------------------+----------------+
|  CLK_IBUF_BUFG |                |                  |                1 |              2 |
|  CLK_IBUF_BUFG | CECARRYIN_IBUF | RSTCARRYIN_IBUF  |                2 |              4 |
|  CLK_IBUF_BUFG | CEOPMODE_IBUF  | RSTOPMODE_IBUF   |                3 |             16 |
|  CLK_IBUF_BUFG | CED_IBUF       | RSTD_IBUF        |                5 |             36 |
|  CLK_IBUF_BUFG | CEA_IBUF       | RSTA_IBUF        |               10 |             36 |
|  CLK_IBUF_BUFG | CEB_IBUF       | RSTB_IBUF        |               13 |             72 |
|  CLK_IBUF_BUFG | CEC_IBUF       | RSTC_IBUF        |               17 |             96 |
|  CLK_IBUF_BUFG | CEP_IBUF       | RSTP_IBUF        |               12 |             96 |
+----------------+----------------+------------------+------------------+----------------+


